dexscreener fetch failed: fetch failed
dexscreener fetch failed: fetch failed
dexscreener fetch failed: fetch failed
gmgn-cli failed (gmgn-cli market trending): Command failed: gmgn-cli market trending --chain robinhood --interval 1h --limit 50
gmgn-cli failed (gmgn-cli market trenches): Command failed: gmgn-cli market trenches --chain robinhood --limit 50
dexscreener fetch failed: fetch failed
gmgn-cli failed (gmgn-cli token info): Command failed: gmgn-cli token info --chain robinhood --address 0x7df5daaf80e65dfcc7a1435d9b52bcf2b5753fbe
dexscreener fetch failed: fetch failed
dexscreener fetch failed: fetch failed
gmgn-cli failed (gmgn-cli token info): Command failed: gmgn-cli token info --chain robinhood --address 0x22042845b97deebfe7ce5bb9484d632c64067372
gmgn-cli failed (gmgn-cli token info): Command failed: gmgn-cli token info --chain robinhood --address 0x09036b1344940a9bcbc8a2efd0c04ffe4a1f4401
gmgn-cli failed (gmgn-cli token info): Command failed: gmgn-cli token info --chain robinhood --address 0x1edc880591c08a0aa7bc0f863dcea662cb09d4d8
gmgn-cli failed (gmgn-cli token info): Command failed: gmgn-cli token info --chain robinhood --address 0x26bd6db0c7b3ebeef262e18062acd8b2a6e53401
gmgn-cli failed (gmgn-cli market trending): Command failed: gmgn-cli market trending --chain robinhood --interval 1h --limit 50
gmgn-cli failed (gmgn-cli market trenches): Command failed: gmgn-cli market trenches --chain robinhood --limit 50
gmgn-cli failed (gmgn-cli market hot-searches): Command failed: gmgn-cli market hot-searches --chain robinhood --limit 50
dexscreener fetch failed: The operation was aborted due to timeout
gmgn-cli failed (gmgn-cli token info): Command failed: gmgn-cli token info --chain robinhood --address 0x26bd6db0c7b3ebeef262e18062acd8b2a6e53401
gmgn-cli failed (gmgn-cli token info): Command failed: gmgn-cli token info --chain robinhood --address 0xc4f116f231c33994d9a0627790ce9a30474f4de1
gmgn-cli failed (gmgn-cli market trending): Command failed: gmgn-cli market trending --chain robinhood --interval 1h --limit 50
gmgn-cli failed (gmgn-cli market trenches): Command failed: gmgn-cli market trenches --chain robinhood --limit 50
gmgn-cli failed (gmgn-cli market hot-searches): Command failed: gmgn-cli market hot-searches --chain robinhood --limit 50
dexscreener fetch failed: fetch failed
gmgn-cli failed (gmgn-cli token info): Command failed: gmgn-cli token info --chain robinhood --address 0x26bd6db0c7b3ebeef262e18062acd8b2a6e53401
gmgn-cli failed (gmgn-cli token info): Command failed: gmgn-cli token info --chain robinhood --address 0xc4f116f231c33994d9a0627790ce9a30474f4de1
gmgn-cli failed (gmgn-cli token info): Command failed: gmgn-cli token info --chain robinhood --address 0xbb621fe686b554d7adc3fa3fb5c7dba4e9d74df2
gmgn-cli failed (gmgn-cli token info): Command failed: gmgn-cli token info --chain robinhood --address 0x425a17a2e30899647d0fc25af2c12c397fdecccc
gmgn-cli failed (gmgn-cli token info): Command failed: gmgn-cli token info --chain robinhood --address 0x8cf48045c922e32ced8da4b76ace348d092ccf77
gmgn-cli failed (gmgn-cli market trending): Command failed: gmgn-cli market trending --chain robinhood --interval 1h --limit 50
gmgn-cli failed (gmgn-cli market trenches): Command failed: gmgn-cli market trenches --chain robinhood --limit 50
gmgn-cli failed (gmgn-cli market hot-searches): Command failed: gmgn-cli market hot-searches --chain robinhood --limit 50
dexscreener fetch failed: fetch failed
gmgn-cli failed (gmgn-cli token info): Command failed: gmgn-cli token info --chain robinhood --address 0xc4f116f231c33994d9a0627790ce9a30474f4de1
gmgn-cli failed (gmgn-cli token info): Command failed: gmgn-cli token info --chain robinhood --address 0xbb621fe686b554d7adc3fa3fb5c7dba4e9d74df2
gmgn-cli failed (gmgn-cli market trending): Command failed: gmgn-cli market trending --chain robinhood --interval 1h --limit 50
gmgn-cli failed (gmgn-cli market trenches): Command failed: gmgn-cli market trenches --chain robinhood --limit 50
gmgn-cli failed (gmgn-cli market hot-searches): Command failed: gmgn-cli market hot-searches --chain robinhood --limit 50
dexscreener fetch failed: fetch failed
gmgn-cli failed (gmgn-cli token info): Command failed: gmgn-cli token info --chain robinhood --address 0xbb621fe686b554d7adc3fa3fb5c7dba4e9d74df2
gmgn-cli failed (gmgn-cli token info): Command failed: gmgn-cli token info --chain robinhood --address 0x3d714d83e068151a609a72431d489677f9a41156
gmgn-cli failed (gmgn-cli token info): Command failed: gmgn-cli token info --chain robinhood --address 0x4e7a411bc7368a778225b8c2e45ce2dad43244fe
gmgn-cli failed (gmgn-cli token info): Command failed: gmgn-cli token info --chain robinhood --address 0x9151f7d766087f8dc4eb9be2fe8785bb94cdc801
gmgn-cli failed (gmgn-cli token info): Command failed: gmgn-cli token info --chain robinhood --address 0x5a56f8bff7f0347d6b543cb207afe9bfb8168e44
gmgn-cli failed (gmgn-cli market trending): Command failed: gmgn-cli market trending --chain robinhood --interval 1h --limit 50
gmgn-cli failed (gmgn-cli market trenches): Command failed: gmgn-cli market trenches --chain robinhood --limit 50
gmgn-cli failed (gmgn-cli market hot-searches): Command failed: gmgn-cli market hot-searches --chain robinhood --limit 50
dexscreener fetch failed: fetch failed
gmgn-cli failed (gmgn-cli token info): Command failed: gmgn-cli token info --chain robinhood --address 0x3d714d83e068151a609a72431d489677f9a41156
gmgn-cli failed (gmgn-cli token info): Command failed: gmgn-cli token info --chain robinhood --address 0x4e7a411bc7368a778225b8c2e45ce2dad43244fe
gmgn-cli failed (gmgn-cli token info): Command failed: gmgn-cli token info --chain robinhood --address 0x9151f7d766087f8dc4eb9be2fe8785bb94cdc801
gmgn-cli failed (gmgn-cli token info): Command failed: gmgn-cli token info --chain robinhood --address 0x5a56f8bff7f0347d6b543cb207afe9bfb8168e44
gmgn-cli failed (gmgn-cli token info): Command failed: gmgn-cli token info --chain robinhood --address 0xe23d363a2e4ffb7935ac1b27b8df3cc9da837c56
gmgn-cli failed (gmgn-cli market trending): Command failed: gmgn-cli market trending --chain robinhood --interval 1h --limit 50
dexscreener fetch failed: fetch failed
gmgn-cli failed (gmgn-cli token info): Command failed: gmgn-cli token info --chain robinhood --address 0x7df5daaf80e65dfcc7a1435d9b52bcf2b5753fbe
dexscreener fetch failed: fetch failed
gmgn-cli failed (gmgn-cli token info): Command failed: gmgn-cli token info --chain robinhood --address 0x3d714d83e068151a609a72431d489677f9a41156
gmgn-cli failed (gmgn-cli token info): Command failed: gmgn-cli token info --chain robinhood --address 0x4e7a411bc7368a778225b8c2e45ce2dad43244fe
gmgn-cli failed (gmgn-cli token info): Command failed: gmgn-cli token info --chain robinhood --address 0x9151f7d766087f8dc4eb9be2fe8785bb94cdc801
gmgn-cli failed (gmgn-cli token info): Command failed: gmgn-cli token info --chain robinhood --address 0x5a56f8bff7f0347d6b543cb207afe9bfb8168e44
gmgn-cli failed (gmgn-cli token info): Command failed: gmgn-cli token info --chain robinhood --address 0xe23d363a2e4ffb7935ac1b27b8df3cc9da837c56
gmgn-cli failed (gmgn-cli market hot-searches): Command failed: gmgn-cli market hot-searches --chain robinhood --limit 50
dexscreener fetch failed: fetch failed
gmgn-cli failed (gmgn-cli token info): Command failed: gmgn-cli token info --chain robinhood --address 0x8114b9c97a175b782a2c115e5c26d900df55cccc
gmgn-cli failed (gmgn-cli token info): Command failed: gmgn-cli token info --chain robinhood --address 0x50e282e0a0e7a2ad06eedcc119f13ab055bfcccc
gmgn-cli failed (gmgn-cli market trending): Command failed: gmgn-cli market trending --chain robinhood --interval 1h --limit 50
gmgn-cli failed (gmgn-cli market hot-searches): Command failed: gmgn-cli market hot-searches --chain robinhood --limit 50
dexscreener fetch failed: fetch failed
gmgn-cli failed (gmgn-cli token info): Command failed: gmgn-cli token info --chain robinhood --address 0x8114b9c97a175b782a2c115e5c26d900df55cccc
gmgn-cli failed (gmgn-cli token info): Command failed: gmgn-cli token info --chain robinhood --address 0x50e282e0a0e7a2ad06eedcc119f13ab055bfcccc
gmgn-cli failed (gmgn-cli token info): Command failed: gmgn-cli token info --chain robinhood --address 0xccb8a1c9ca4f88b1c18c7584c473706c6e92fb5b
gmgn-cli failed (gmgn-cli token info): Command failed: gmgn-cli token info --chain robinhood --address 0x3c9c8c50f78354fe3d2ecdcbe84769a46e9b5124
gmgn-cli failed (gmgn-cli market trending): Command failed: gmgn-cli market trending --chain robinhood --interval 1h --limit 50
gmgn-cli failed (gmgn-cli market trenches): Command failed: gmgn-cli market trenches --chain robinhood --limit 50
gmgn-cli failed (gmgn-cli market hot-searches): Command failed: gmgn-cli market hot-searches --chain robinhood --limit 50
dexscreener fetch failed: fetch failed
gmgn-cli failed (gmgn-cli token info): Command failed: gmgn-cli token info --chain robinhood --address 0x8114b9c97a175b782a2c115e5c26d900df55cccc
gmgn-cli failed (gmgn-cli token info): Command failed: gmgn-cli token info --chain robinhood --address 0x50e282e0a0e7a2ad06eedcc119f13ab055bfcccc
gmgn-cli failed (gmgn-cli token info): Command failed: gmgn-cli token info --chain robinhood --address 0xccb8a1c9ca4f88b1c18c7584c473706c6e92fb5b
gmgn-cli failed (gmgn-cli token info): Command failed: gmgn-cli token info --chain robinhood --address 0x3c9c8c50f78354fe3d2ecdcbe84769a46e9b5124
gmgn-cli failed (gmgn-cli token info): Command failed: gmgn-cli token info --chain robinhood --address 0xe5ded8ea1215638024cb659e593383bc7498d297
gmgn-cli failed (gmgn-cli market trending): Command failed: gmgn-cli market trending --chain robinhood --interval 1h --limit 50
dexscreener fetch failed: fetch failed
gmgn-cli failed (gmgn-cli token info): Command failed: gmgn-cli token info --chain robinhood --address 0xccb8a1c9ca4f88b1c18c7584c473706c6e92fb5b
gmgn-cli failed (gmgn-cli token info): Command failed: gmgn-cli token info --chain robinhood --address 0x3c9c8c50f78354fe3d2ecdcbe84769a46e9b5124
gmgn-cli failed (gmgn-cli token info): Command failed: gmgn-cli token info --chain robinhood --address 0xe5ded8ea1215638024cb659e593383bc7498d297
gmgn-cli failed (gmgn-cli token info): Command failed: gmgn-cli token info --chain robinhood --address 0x5c45f821acdb4e9193a993cd332ef6ab87468d04
gmgn-cli failed (gmgn-cli token info): Command failed: gmgn-cli token info --chain robinhood --address 0xc26e5d94365e35936bd145a4b597730371bc3196
gmgn-cli failed (gmgn-cli market trending): Command failed: gmgn-cli market trending --chain robinhood --interval 1h --limit 50
gmgn-cli failed (gmgn-cli market trenches): Command failed: gmgn-cli market trenches --chain robinhood --limit 50
gmgn-cli failed (gmgn-cli market hot-searches): Command failed: gmgn-cli market hot-searches --chain robinhood --limit 50
dexscreener fetch failed: fetch failed
gmgn-cli failed (gmgn-cli token info): Command failed: gmgn-cli token info --chain robinhood --address 0xe5ded8ea1215638024cb659e593383bc7498d297
gmgn-cli failed (gmgn-cli token info): Command failed: gmgn-cli token info --chain robinhood --address 0xc26e5d94365e35936bd145a4b597730371bc3196
gmgn-cli failed (gmgn-cli token info): Command failed: gmgn-cli token info --chain robinhood --address 0x630c9e6bc7d74b336c80c6040d2bcb3cdd4abba3
gmgn-cli failed (gmgn-cli market hot-searches): Command failed: gmgn-cli market hot-searches --chain robinhood --limit 50
dexscreener fetch failed: fetch failed
dexscreener fetch failed: fetch failed
gmgn-cli failed (gmgn-cli token info): Command failed: gmgn-cli token info --chain robinhood --address 0x977c0ad37de99039beb6a1889dcf06afb2bd9cac
gmgn-cli failed (gmgn-cli token info): Command failed: gmgn-cli token info --chain robinhood --address 0x3f6d9bf9f956e2c1cd52db87a8471f3d6b64ca9b
dexscreener fetch failed: fetch failed
dexscreener fetch failed: fetch failed
dexscreener fetch failed: fetch failed
dexscreener fetch failed: fetch failed
dexscreener fetch failed: fetch failed
dexscreener fetch failed: fetch failed
dexscreener fetch failed: fetch failed
dexscreener fetch failed: fetch failed
dexscreener fetch failed: fetch failed
dexscreener fetch failed: fetch failed
dexscreener fetch failed: fetch failed
dexscreener fetch failed: fetch failed
dexscreener fetch failed: fetch failed
dexscreener fetch failed: fetch failed
dexscreener fetch failed: fetch failed
dexscreener fetch failed: fetch failed
dexscreener fetch failed: fetch failed
thesis generation failed: timeout
dexscreener fetch failed: fetch failed
dexscreener fetch failed: fetch failed
dexscreener fetch failed: fetch failed
dexscreener fetch failed: fetch failed
dexscreener fetch failed: fetch failed
dexscreener fetch failed: fetch failed
dexscreener fetch failed: fetch failed
dexscreener fetch failed: fetch failed
dexscreener fetch failed: fetch failed
dexscreener fetch failed: fetch failed
dexscreener fetch failed: fetch failed
dexscreener fetch failed: fetch failed
dexscreener fetch failed: fetch failed
gmgn-cli failed (gmgn-cli market trenches): Command failed: gmgn-cli market trenches --chain robinhood --limit 50
gmgn-cli failed (gmgn-cli market hot-searches): Command failed: gmgn-cli market hot-searches --chain robinhood --limit 50
dexscreener fetch failed: fetch failed
gmgn-cli failed (gmgn-cli token info): Command failed: gmgn-cli token info --chain robinhood --address 0xfd2457d0dbc11e73ff4adcb99881902c0cf3561c
gmgn-cli failed (gmgn-cli market trending): Command failed: gmgn-cli market trending --chain robinhood --interval 1h --limit 50
gmgn-cli failed (gmgn-cli market trenches): Command failed: gmgn-cli market trenches --chain robinhood --limit 50
gmgn-cli failed (gmgn-cli market hot-searches): Command failed: gmgn-cli market hot-searches --chain robinhood --limit 50
dexscreener fetch failed: fetch failed
gmgn-cli failed (gmgn-cli token info): Command failed: gmgn-cli token info --chain robinhood --address 0xfd2457d0dbc11e73ff4adcb99881902c0cf3561c
gmgn-cli failed (gmgn-cli market trending): Command failed: gmgn-cli market trending --chain robinhood --interval 1h --limit 50
gmgn-cli failed (gmgn-cli market trenches): Command failed: gmgn-cli market trenches --chain robinhood --limit 50
gmgn-cli failed (gmgn-cli market hot-searches): Command failed: gmgn-cli market hot-searches --chain robinhood --limit 50
dexscreener fetch failed: fetch failed
gmgn-cli failed (gmgn-cli token info): Command failed: gmgn-cli token info --chain robinhood --address 0xfd2457d0dbc11e73ff4adcb99881902c0cf3561c
gmgn-cli failed (gmgn-cli token info): Command failed: gmgn-cli token info --chain robinhood --address 0x51a3e35051fe9d085f167f60a1bb854f43760141
gmgn-cli failed (gmgn-cli token info): Command failed: gmgn-cli token info --chain robinhood --address 0xc26e5d94365e35936bd145a4b597730371bc3196
gmgn-cli failed (gmgn-cli token info): Command failed: gmgn-cli token info --chain robinhood --address 0x9f2c82a2b5c40472a3c6aa3d678c5858345ec71e
gmgn-cli failed (gmgn-cli token info): Command failed: gmgn-cli token info --chain robinhood --address 0x630c9e6bc7d74b336c80c6040d2bcb3cdd4abba3
gmgn-cli failed (gmgn-cli market trending): Command failed: gmgn-cli market trending --chain robinhood --interval 1h --limit 50
gmgn-cli failed (gmgn-cli market trenches): Command failed: gmgn-cli market trenches --chain robinhood --limit 50
gmgn-cli failed (gmgn-cli market hot-searches): Command failed: gmgn-cli market hot-searches --chain robinhood --limit 50
dexscreener fetch failed: fetch failed
gmgn-cli failed (gmgn-cli token info): Command failed: gmgn-cli token info --chain robinhood --address 0x51a3e35051fe9d085f167f60a1bb854f43760141
gmgn-cli failed (gmgn-cli token info): Command failed: gmgn-cli token info --chain robinhood --address 0xc26e5d94365e35936bd145a4b597730371bc3196
gmgn-cli failed (gmgn-cli token info): Command failed: gmgn-cli token info --chain robinhood --address 0x9f2c82a2b5c40472a3c6aa3d678c5858345ec71e
gmgn-cli failed (gmgn-cli token info): Command failed: gmgn-cli token info --chain robinhood --address 0x630c9e6bc7d74b336c80c6040d2bcb3cdd4abba3
gmgn-cli failed (gmgn-cli token info): Command failed: gmgn-cli token info --chain robinhood --address 0x34f8b61c51fb0941d6c6082b34f05b58c6c92202
dexscreener fetch failed: fetch failed
gmgn-cli failed (gmgn-cli market trending): Command failed: gmgn-cli market trending --chain robinhood --interval 1h --limit 50
gmgn-cli failed (gmgn-cli market trenches): Command failed: gmgn-cli market trenches --chain robinhood --limit 50
gmgn-cli failed (gmgn-cli market hot-searches): Command failed: gmgn-cli market hot-searches --chain robinhood --limit 50
gmgn-cli failed (gmgn-cli market trending): Command failed: gmgn-cli market trending --chain robinhood --interval 1h --limit 50
gmgn-cli failed (gmgn-cli market trending): Command failed: gmgn-cli market trending --chain robinhood --interval 1h --limit 50
gmgn-cli failed (gmgn-cli market trenches): Command failed: gmgn-cli market trenches --chain robinhood --limit 50
gmgn-cli failed (gmgn-cli market hot-searches): Command failed: gmgn-cli market hot-searches --chain robinhood --limit 50
dexscreener fetch failed: fetch failed
gmgn-cli failed (gmgn-cli token info): Command failed: gmgn-cli token info --chain robinhood --address 0x069c8f4c83f656681fc7929de9c598befdb07777
gmgn-cli failed (gmgn-cli token info): Command failed: gmgn-cli token info --chain robinhood --address 0x5a8625d314fdd298101d87932a784b756a401e18
gmgn-cli failed (gmgn-cli token info): Command failed: gmgn-cli token info --chain robinhood --address 0xc1bf498b0e70f2d2b4666ed8b3f98209b1641e18
gmgn-cli failed (gmgn-cli token info): Command failed: gmgn-cli token info --chain robinhood --address 0xf7c551896a6b133595fcb0974a3e441de45b8888
gmgn-cli failed (gmgn-cli token info): Command failed: gmgn-cli token info --chain robinhood --address 0x988492066d6cb1ae8887d5c9ee995d9ddcf9cd7d
gmgn-cli failed (gmgn-cli market trenches): Command failed: gmgn-cli market trenches --chain robinhood --limit 50
gmgn-cli failed (gmgn-cli market hot-searches): Command failed: gmgn-cli market hot-searches --chain robinhood --limit 50
dexscreener fetch failed: fetch failed
gmgn-cli failed (gmgn-cli token info): Command failed: gmgn-cli token info --chain robinhood --address 0x069c8f4c83f656681fc7929de9c598befdb07777
gmgn-cli failed (gmgn-cli token info): Command failed: gmgn-cli token info --chain robinhood --address 0x5a8625d314fdd298101d87932a784b756a401e18
gmgn-cli failed (gmgn-cli token info): Command failed: gmgn-cli token info --chain robinhood --address 0xc1bf498b0e70f2d2b4666ed8b3f98209b1641e18
gmgn-cli failed (gmgn-cli token info): Command failed: gmgn-cli token info --chain robinhood --address 0xf7c551896a6b133595fcb0974a3e441de45b8888
gmgn-cli failed (gmgn-cli token info): Command failed: gmgn-cli token info --chain robinhood --address 0x988492066d6cb1ae8887d5c9ee995d9ddcf9cd7d
gmgn-cli failed (gmgn-cli market hot-searches): Command failed: gmgn-cli market hot-searches --chain robinhood --limit 50
dexscreener fetch failed: fetch failed
gmgn-cli failed (gmgn-cli token info): Command failed: gmgn-cli token info --chain robinhood --address 0x069c8f4c83f656681fc7929de9c598befdb07777
gmgn-cli failed (gmgn-cli token info): Command failed: gmgn-cli token info --chain robinhood --address 0x5a8625d314fdd298101d87932a784b756a401e18
gmgn-cli failed (gmgn-cli token info): Command failed: gmgn-cli token info --chain robinhood --address 0xc1bf498b0e70f2d2b4666ed8b3f98209b1641e18
gmgn-cli failed (gmgn-cli token info): Command failed: gmgn-cli token info --chain robinhood --address 0xf7c551896a6b133595fcb0974a3e441de45b8888
gmgn-cli failed (gmgn-cli token info): Command failed: gmgn-cli token info --chain robinhood --address 0x988492066d6cb1ae8887d5c9ee995d9ddcf9cd7d
gmgn-cli failed (gmgn-cli market trending): Command failed: gmgn-cli market trending --chain robinhood --interval 1h --limit 50
gmgn-cli failed (gmgn-cli market trenches): Command failed: gmgn-cli market trenches --chain robinhood --limit 50
gmgn-cli failed (gmgn-cli market hot-searches): Command failed: gmgn-cli market hot-searches --chain robinhood --limit 50
dexscreener fetch failed: fetch failed
gmgn-cli failed (gmgn-cli token info): Command failed: gmgn-cli token info --chain robinhood --address 0x6c90e659acf31062d1263ead1a7ad3d65fec7221
gmgn-cli failed (gmgn-cli token info): Command failed: gmgn-cli token info --chain robinhood --address 0x421eb6dde5064642ca206f129bc79efa7d68c748
gmgn-cli failed (gmgn-cli token info): Command failed: gmgn-cli token info --chain robinhood --address 0x7faa0cfc750da4944a003c087571d06fed3e591a
dexscreener fetch failed: fetch failed
gmgn-cli failed (gmgn-cli token info): Command failed: gmgn-cli token info --chain robinhood --address 0x421eb6dde5064642ca206f129bc79efa7d68c748
gmgn-cli failed (gmgn-cli token info): Command failed: gmgn-cli token info --chain robinhood --address 0x7faa0cfc750da4944a003c087571d06fed3e591a
gmgn-cli failed (gmgn-cli token info): Command failed: gmgn-cli token info --chain robinhood --address 0x2cbd2d1c3941d5cec59354a4e1cd03108b994454
gmgn-cli failed (gmgn-cli token info): Command failed: gmgn-cli token info --chain robinhood --address 0x79265b0d0245283523d37f829b818789fddcbba3
gmgn-cli failed (gmgn-cli market trending): Command failed: gmgn-cli market trending --chain robinhood --interval 1h --limit 50
gmgn-cli failed (gmgn-cli market trenches): Command failed: gmgn-cli market trenches --chain robinhood --limit 50
gmgn-cli failed (gmgn-cli market hot-searches): Command failed: gmgn-cli market hot-searches --chain robinhood --limit 50
dexscreener fetch failed: fetch failed
gmgn-cli failed (gmgn-cli token info): Command failed: gmgn-cli token info --chain robinhood --address 0x421eb6dde5064642ca206f129bc79efa7d68c748
gmgn-cli failed (gmgn-cli token info): Command failed: gmgn-cli token info --chain robinhood --address 0x7faa0cfc750da4944a003c087571d06fed3e591a
gmgn-cli failed (gmgn-cli token info): Command failed: gmgn-cli token info --chain robinhood --address 0x2cbd2d1c3941d5cec59354a4e1cd03108b994454
gmgn-cli failed (gmgn-cli token info): Command failed: gmgn-cli token info --chain robinhood --address 0x79265b0d0245283523d37f829b818789fddcbba3
gmgn-cli failed (gmgn-cli market trending): Command failed: gmgn-cli market trending --chain robinhood --interval 1h --limit 50
dexscreener fetch failed: fetch failed
gmgn-cli failed (gmgn-cli token info): Command failed: gmgn-cli token info --chain robinhood --address 0x2cbd2d1c3941d5cec59354a4e1cd03108b994454
gmgn-cli failed (gmgn-cli token info): Command failed: gmgn-cli token info --chain robinhood --address 0x79265b0d0245283523d37f829b818789fddcbba3
gmgn-cli failed (gmgn-cli market trending): Command failed: gmgn-cli market trending --chain robinhood --interval 1h --limit 50
gmgn-cli failed (gmgn-cli market trenches): Command failed: gmgn-cli market trenches --chain robinhood --limit 50
gmgn-cli failed (gmgn-cli market hot-searches): Command failed: gmgn-cli market hot-searches --chain robinhood --limit 50
dexscreener fetch failed: fetch failed
gmgn-cli failed (gmgn-cli token info): Command failed: gmgn-cli token info --chain robinhood --address 0xe84f3503e873389cd11f51dd69efb7085d65e18e
gmgn-cli failed (gmgn-cli token info): Command failed: gmgn-cli token info --chain robinhood --address 0x5d02cd427ffe3af62148b7ec0afbca3f4a2a500c
gmgn-cli failed (gmgn-cli token info): Command failed: gmgn-cli token info --chain robinhood --address 0x3eea9c4f55731301e1ad8016d77863868b9b0dec
gmgn-cli failed (gmgn-cli token info): Command failed: gmgn-cli token info --chain robinhood --address 0x60b8153e86d78c19e0c9046c3cd98be94ecc15b3
gmgn-cli failed (gmgn-cli token info): Command failed: gmgn-cli token info --chain robinhood --address 0xe67d72f37d5f1118c832ce68f5ec4f58d98a3c51
gmgn-cli failed (gmgn-cli market trending): Command failed: gmgn-cli market trending --chain robinhood --interval 1h --limit 50
gmgn-cli failed (gmgn-cli market trenches): Command failed: gmgn-cli market trenches --chain robinhood --limit 50
gmgn-cli failed (gmgn-cli market trending): Command failed: gmgn-cli market trending --chain robinhood --interval 1h --limit 50
gmgn-cli failed (gmgn-cli market hot-searches): Command failed: gmgn-cli market hot-searches --chain robinhood --limit 50
gmgn-cli failed (gmgn-cli market trending): Command failed: gmgn-cli market trending --chain robinhood --interval 1h --limit 50
gmgn-cli failed (gmgn-cli market trenches): Command failed: gmgn-cli market trenches --chain robinhood --limit 50
dexscreener fetch failed: fetch failed
gmgn-cli failed (gmgn-cli market trenches): Command failed: gmgn-cli market trenches --chain robinhood --limit 50
gmgn-cli failed (gmgn-cli market hot-searches): Command failed: gmgn-cli market hot-searches --chain robinhood --limit 50
dexscreener fetch failed: fetch failed
gmgn-cli failed (gmgn-cli token info): Command failed: gmgn-cli token info --chain robinhood --address 0xf491afdb9c220df62ab2430e30334a65fbca7777
gmgn-cli failed (gmgn-cli market trending): Command failed: gmgn-cli market trending --chain robinhood --interval 1h --limit 50
gmgn-cli failed (gmgn-cli market trenches): Command failed: gmgn-cli market trenches --chain robinhood --limit 50
gmgn-cli failed (gmgn-cli market trenches): Command failed: gmgn-cli market trenches --chain robinhood --limit 50
gmgn-cli failed (gmgn-cli market hot-searches): Command failed: gmgn-cli market hot-searches --chain robinhood --limit 50
gmgn-cli failed (gmgn-cli market hot-searches): Command failed: gmgn-cli market hot-searches --chain robinhood --limit 50
dexscreener fetch failed: fetch failed
gmgn-cli failed (gmgn-cli token info): Command failed: gmgn-cli token info --chain robinhood --address 0xcdb2eeb406dbcc7cdada229905cddb77394bff3a
gmgn-cli failed (gmgn-cli token info): Command failed: gmgn-cli token info --chain robinhood --address 0x49eedc52694cef6c5f58b50a064897591ae996fd
gmgn-cli failed (gmgn-cli token info): Command failed: gmgn-cli token info --chain robinhood --address 0x9afe860b44947ea3bdbc999aed9150aeafccbdb3
dexscreener fetch failed: fetch failed
gmgn-cli failed (gmgn-cli token info): Command failed: gmgn-cli token info --chain robinhood --address 0xcdb2eeb406dbcc7cdada229905cddb77394bff3a
gmgn-cli failed (gmgn-cli token info): Command failed: gmgn-cli token info --chain robinhood --address 0x59cec17c13cc3d34f5fbc31af26d8091da551e18
gmgn-cli failed (gmgn-cli token info): Command failed: gmgn-cli token info --chain robinhood --address 0x2163fe95af417cc9c3aeb2e1b1ce81a45891db23
gmgn-cli failed (gmgn-cli market trending): Command failed: gmgn-cli market trending --chain robinhood --interval 1h --limit 50
gmgn-cli failed (gmgn-cli market trenches): Command failed: gmgn-cli market trenches --chain robinhood --limit 50
gmgn-cli failed (gmgn-cli market hot-searches): Command failed: gmgn-cli market hot-searches --chain robinhood --limit 50
dexscreener fetch failed: fetch failed
gmgn-cli failed (gmgn-cli token info): Command failed: gmgn-cli token info --chain robinhood --address 0xcdb2eeb406dbcc7cdada229905cddb77394bff3a
gmgn-cli failed (gmgn-cli token info): Command failed: gmgn-cli token info --chain robinhood --address 0x59cec17c13cc3d34f5fbc31af26d8091da551e18
dexscreener fetch failed: fetch failed
dexscreener fetch failed: fetch failed
gmgn-cli failed (gmgn-cli market trenches): Command failed: gmgn-cli market trenches --chain robinhood --limit 50
gmgn-cli failed (gmgn-cli market trending): Command failed: gmgn-cli market trending --chain robinhood --interval 1h --limit 50
gmgn-cli failed (gmgn-cli market trenches): Command failed: gmgn-cli market trenches --chain robinhood --limit 50
gmgn-cli failed (gmgn-cli market hot-searches): Command failed: gmgn-cli market hot-searches --chain robinhood --limit 50
gmgn-cli failed (gmgn-cli market trending): Command failed: gmgn-cli market trending --chain robinhood --interval 1h --limit 50
gmgn-cli failed (gmgn-cli market trenches): Command failed: gmgn-cli market trenches --chain robinhood --limit 50
gmgn-cli failed (gmgn-cli market hot-searches): Command failed: gmgn-cli market hot-searches --chain robinhood --limit 50
dexscreener fetch failed: The operation was aborted due to timeout
gmgn-cli failed (gmgn-cli token info): Command failed: gmgn-cli token info --chain robinhood --address 0xdc7e1ba30d68ef42fc78330d3d7db3399bec2a15
gmgn-cli failed (gmgn-cli token info): Command failed: gmgn-cli token info --chain robinhood --address 0x1f468685658a214db428ec8d1fbd16123b2fd9b5
gmgn-cli failed (gmgn-cli token info): Command failed: gmgn-cli token info --chain robinhood --address 0x59b47a6a80c3e93d5986e69f00be244fe5464870
gmgn-cli failed (gmgn-cli market trending): Command failed: gmgn-cli market trending --chain robinhood --interval 1h --limit 50
dexscreener fetch failed: fetch failed
gmgn-cli failed (gmgn-cli token info): Command failed: gmgn-cli token info --chain robinhood --address 0xdc7e1ba30d68ef42fc78330d3d7db3399bec2a15
gmgn-cli failed (gmgn-cli market hot-searches): Command failed: gmgn-cli market hot-searches --chain robinhood --limit 50
dexscreener fetch failed: fetch failed
gmgn-cli failed (gmgn-cli token info): Command failed: gmgn-cli token info --chain robinhood --address 0xdc7e1ba30d68ef42fc78330d3d7db3399bec2a15
gmgn-cli failed (gmgn-cli token info): Command failed: gmgn-cli token info --chain robinhood --address 0xfed77b643082ca3b3ce9d45b1bd6c8a090b958c1
gmgn-cli failed (gmgn-cli token info): Command failed: gmgn-cli token info --chain robinhood --address 0x78adeb8dddecb0fda01d8811dd614ff66e131e18
gmgn-cli failed (gmgn-cli token info): Command failed: gmgn-cli token info --chain robinhood --address 0x3e4e7bbee9a7e5fbedabeea66313c8f636999458
gmgn-cli failed (gmgn-cli token info): Command failed: gmgn-cli token info --chain robinhood --address 0xb429912c516e679f0872850d26d99a14b077f887
gmgn-cli failed (gmgn-cli market hot-searches): Command failed: gmgn-cli market hot-searches --chain robinhood --limit 50
dexscreener fetch failed: fetch failed
gmgn-cli failed (gmgn-cli token info): Command failed: gmgn-cli token info --chain robinhood --address 0x7a832ebe4e2131ee8b35f91e1246b35927607777
gmgn-cli failed (gmgn-cli token info): Command failed: gmgn-cli token info --chain robinhood --address 0x35d04471f95bdab0acadc836669df9d109048d8a
gmgn-cli failed (gmgn-cli token info): Command failed: gmgn-cli token info --chain robinhood --address 0xf50d7efe86919747c1be36c0a0f453eb5eee6c94
gmgn-cli failed (gmgn-cli token info): Command failed: gmgn-cli token info --chain robinhood --address 0x43340ad09346f30f513da30c8aa6cc1e2ade1e18
gmgn-cli failed (gmgn-cli market trending): Command failed: gmgn-cli market trending --chain robinhood --interval 1h --limit 50
gmgn-cli failed (gmgn-cli market trenches): Command failed: gmgn-cli market trenches --chain robinhood --limit 50
gmgn-cli failed (gmgn-cli market hot-searches): Command failed: gmgn-cli market hot-searches --chain robinhood --limit 50
dexscreener fetch failed: fetch failed
gmgn-cli failed (gmgn-cli token info): Command failed: gmgn-cli token info --chain robinhood --address 0x7a832ebe4e2131ee8b35f91e1246b35927607777
gmgn-cli failed (gmgn-cli token info): Command failed: gmgn-cli token info --chain robinhood --address 0x35d04471f95bdab0acadc836669df9d109048d8a
gmgn-cli failed (gmgn-cli token info): Command failed: gmgn-cli token info --chain robinhood --address 0xf50d7efe86919747c1be36c0a0f453eb5eee6c94
gmgn-cli failed (gmgn-cli token info): Command failed: gmgn-cli token info --chain robinhood --address 0x43340ad09346f30f513da30c8aa6cc1e2ade1e18
gmgn-cli failed (gmgn-cli token info): Command failed: gmgn-cli token info --chain robinhood --address 0xdb77cf47d62b88d4de0469fd80045fb40696cf5c
gmgn-cli failed (gmgn-cli market hot-searches): Command failed: gmgn-cli market hot-searches --chain robinhood --limit 50
dexscreener fetch failed: fetch failed
gmgn-cli failed (gmgn-cli token info): Command failed: gmgn-cli token info --chain robinhood --address 0x7a832ebe4e2131ee8b35f91e1246b35927607777
gmgn-cli failed (gmgn-cli market trending): Command failed: gmgn-cli market trending --chain robinhood --interval 1h --limit 50
gmgn-cli failed (gmgn-cli market trenches): Command failed: gmgn-cli market trenches --chain robinhood --limit 50
dexscreener fetch failed: fetch failed
dexscreener fetch failed: fetch failed
gmgn-cli failed (gmgn-cli market trending): Command failed: gmgn-cli market trending --chain robinhood --interval 1h --limit 50
gmgn-cli failed (gmgn-cli market trenches): Command failed: gmgn-cli market trenches --chain robinhood --limit 50
dexscreener fetch failed: The operation was aborted due to timeout
gmgn-cli failed (gmgn-cli market trending): Command failed: gmgn-cli market trending --chain robinhood --interval 1h --limit 50
gmgn-cli failed (gmgn-cli market trenches): Command failed: gmgn-cli market trenches --chain robinhood --limit 50
gmgn-cli failed (gmgn-cli market hot-searches): Command failed: gmgn-cli market hot-searches --chain robinhood --limit 50
dexscreener fetch failed: fetch failed
gmgn-cli failed (gmgn-cli market trenches): Command failed: gmgn-cli market trenches --chain robinhood --limit 50
gmgn-cli failed (gmgn-cli market hot-searches): Command failed: gmgn-cli market hot-searches --chain robinhood --limit 50
dexscreener fetch failed: fetch failed
gmgn-cli failed (gmgn-cli token info): Command failed: gmgn-cli token info --chain robinhood --address 0xdc4dd8839f02f2242e9552fe4652635fb7f95cc6
gmgn-cli failed (gmgn-cli token info): Command failed: gmgn-cli token info --chain robinhood --address 0xc7fd2296c47ec9adf83025769ccc764fdeff77c5
gmgn-cli failed (gmgn-cli market trending): Command failed: gmgn-cli market trending --chain robinhood --interval 1h --limit 50
gmgn-cli failed (gmgn-cli market trenches): Command failed: gmgn-cli market trenches --chain robinhood --limit 50
gmgn-cli failed (gmgn-cli market hot-searches): Command failed: gmgn-cli market hot-searches --chain robinhood --limit 50
dexscreener fetch failed: fetch failed
gmgn-cli failed (gmgn-cli token info): Command failed: gmgn-cli token info --chain robinhood --address 0x2b9f93527d9e801bc89ffbe8eefeed3dde5f7777
gmgn-cli failed (gmgn-cli token info): Command failed: gmgn-cli token info --chain robinhood --address 0x90c1ca067fe23b7797d4d038f62feefe4c641e18
gmgn-cli failed (gmgn-cli token info): Command failed: gmgn-cli token info --chain robinhood --address 0x2d7a15aabc6bb2481f77d94bdbc3a3a2211e8ba3
gmgn-cli failed (gmgn-cli market trending): Command failed: gmgn-cli market trending --chain robinhood --interval 1h --limit 50
gmgn-cli failed (gmgn-cli market trenches): Command failed: gmgn-cli market trenches --chain robinhood --limit 50
gmgn-cli failed (gmgn-cli market hot-searches): Command failed: gmgn-cli market hot-searches --chain robinhood --limit 50
dexscreener fetch failed: fetch failed
gmgn-cli failed (gmgn-cli token info): Command failed: gmgn-cli token info --chain robinhood --address 0xd4bcba6c86be086a0c96acba51e93f7fbab390f1
gmgn-cli failed (gmgn-cli token info): Command failed: gmgn-cli token info --chain robinhood --address 0x1429b9e4c994440c1a98c222d7ccd15a7f229859
gmgn-cli failed (gmgn-cli token info): Command failed: gmgn-cli token info --chain robinhood --address 0xdbd826105f2b1475c4b3f7847bd701ae9b72b1c9
gmgn-cli failed (gmgn-cli token info): Command failed: gmgn-cli token info --chain robinhood --address 0xe9eeb0b95ef62427483cf50f56a021873aae1e18
gmgn-cli failed (gmgn-cli token info): Command failed: gmgn-cli token info --chain robinhood --address 0xca2b2c8cef6e386decf0d9f0b173830124cf1e18
gmgn-cli failed (gmgn-cli market trending): Command failed: gmgn-cli market trending --chain robinhood --interval 1h --limit 50
gmgn-cli failed (gmgn-cli market trenches): Command failed: gmgn-cli market trenches --chain robinhood --limit 50
gmgn-cli failed (gmgn-cli market hot-searches): Command failed: gmgn-cli market hot-searches --chain robinhood --limit 50
dexscreener fetch failed: fetch failed
gmgn-cli failed (gmgn-cli token info): Command failed: gmgn-cli token info --chain robinhood --address 0xd4bcba6c86be086a0c96acba51e93f7fbab390f1
gmgn-cli failed (gmgn-cli token info): Command failed: gmgn-cli token info --chain robinhood --address 0x1429b9e4c994440c1a98c222d7ccd15a7f229859
gmgn-cli failed (gmgn-cli token info): Command failed: gmgn-cli token info --chain robinhood --address 0xdbd826105f2b1475c4b3f7847bd701ae9b72b1c9
gmgn-cli failed (gmgn-cli token info): Command failed: gmgn-cli token info --chain robinhood --address 0xe9eeb0b95ef62427483cf50f56a021873aae1e18
gmgn-cli failed (gmgn-cli token info): Command failed: gmgn-cli token info --chain robinhood --address 0xca2b2c8cef6e386decf0d9f0b173830124cf1e18
dexscreener fetch failed: fetch failed
gmgn-cli failed (gmgn-cli market trending): Command failed: gmgn-cli market trending --chain robinhood --interval 1h --limit 50
gmgn-cli failed (gmgn-cli market trenches): Command failed: gmgn-cli market trenches --chain robinhood --limit 50
dexscreener fetch failed: fetch failed
gmgn-cli failed (gmgn-cli market trenches): Command failed: gmgn-cli market trenches --chain robinhood --limit 50
dexscreener fetch failed: fetch failed
gmgn-cli failed (gmgn-cli token info): Command failed: gmgn-cli token info --chain robinhood --address 0x6236a6961c870a005a7a2f18dba6a9f10a438c4c
gmgn-cli failed (gmgn-cli token info): Command failed: gmgn-cli token info --chain robinhood --address 0x8d26a43803eaa8425b0c1fc55861a644dd287777
gmgn-cli failed (gmgn-cli market trenches): Command failed: gmgn-cli market trenches --chain robinhood --limit 50
gmgn-cli failed (gmgn-cli market trending): Command failed: gmgn-cli market trending --chain robinhood --interval 1h --limit 50
gmgn-cli failed (gmgn-cli market trenches): Command failed: gmgn-cli market trenches --chain robinhood --limit 50
gmgn-cli failed (gmgn-cli market hot-searches): Command failed: gmgn-cli market hot-searches --chain robinhood --limit 50
dexscreener fetch failed: fetch failed
gmgn-cli failed (gmgn-cli token info): Command failed: gmgn-cli token info --chain robinhood --address 0x0fb47762b07c535913b99708a607abbf06f1c55f
gmgn-cli failed (gmgn-cli market trending): Command failed: gmgn-cli market trending --chain robinhood --interval 1h --limit 50
dexscreener fetch failed: fetch failed
dexscreener fetch failed: fetch failed
gmgn-cli failed (gmgn-cli token info): Command failed: gmgn-cli token info --chain robinhood --address 0x62635b967924fc394dade1d129e006e704c61e18
gmgn-cli failed (gmgn-cli token info): Command failed: gmgn-cli token info --chain robinhood --address 0xaa53844dd4dc7bc89babc089a086b00ec676dac0
gmgn-cli failed (gmgn-cli token info): Command failed: gmgn-cli token info --chain robinhood --address 0x40bdab80b8620f4417056f911a98bc7a11d2b843
gmgn-cli failed (gmgn-cli market trending): Command failed: gmgn-cli market trending --chain robinhood --interval 1h --limit 50
gmgn-cli failed (gmgn-cli market trenches): Command failed: gmgn-cli market trenches --chain robinhood --limit 50
gmgn-cli failed (gmgn-cli market hot-searches): Command failed: gmgn-cli market hot-searches --chain robinhood --limit 50
dexscreener fetch failed: fetch failed
gmgn-cli failed (gmgn-cli token info): Command failed: gmgn-cli token info --chain robinhood --address 0x62635b967924fc394dade1d129e006e704c61e18
gmgn-cli failed (gmgn-cli token info): Command failed: gmgn-cli token info --chain robinhood --address 0xaa53844dd4dc7bc89babc089a086b00ec676dac0
gmgn-cli failed (gmgn-cli token info): Command failed: gmgn-cli token info --chain robinhood --address 0x40bdab80b8620f4417056f911a98bc7a11d2b843
gmgn-cli failed (gmgn-cli market trenches): Command failed: gmgn-cli market trenches --chain robinhood --limit 50
gmgn-cli failed (gmgn-cli market hot-searches): Command failed: gmgn-cli market hot-searches --chain robinhood --limit 50
dexscreener fetch failed: fetch failed
gmgn-cli failed (gmgn-cli token info): Command failed: gmgn-cli token info --chain robinhood --address 0x62635b967924fc394dade1d129e006e704c61e18
gmgn-cli failed (gmgn-cli token info): Command failed: gmgn-cli token info --chain robinhood --address 0xaa53844dd4dc7bc89babc089a086b00ec676dac0
gmgn-cli failed (gmgn-cli token info): Command failed: gmgn-cli token info --chain robinhood --address 0x40bdab80b8620f4417056f911a98bc7a11d2b843
gmgn-cli failed (gmgn-cli token info): Command failed: gmgn-cli token info --chain robinhood --address 0xdda5727f00e23b97f62e958c6a7577c3e77b8ba3
gmgn-cli failed (gmgn-cli token info): Command failed: gmgn-cli token info --chain robinhood --address 0xd454d7c2edd56c7d9b18fccf700f739a37571e18
gmgn-cli failed (gmgn-cli market trending): Command failed: gmgn-cli market trending --chain robinhood --interval 1h --limit 50
gmgn-cli failed (gmgn-cli market trenches): Command failed: gmgn-cli market trenches --chain robinhood --limit 50
dexscreener fetch failed: fetch failed
gmgn-cli failed (gmgn-cli token info): Command failed: gmgn-cli token info --chain robinhood --address 0x54fdd076b94d85e3503dca9bccfbcc1248271e18
gmgn-cli failed (gmgn-cli token info): Command failed: gmgn-cli token info --chain robinhood --address 0x5b1793373a13be71b70eacc2800fad79f256ea34
gmgn-cli failed (gmgn-cli market trending): Command failed: gmgn-cli market trending --chain robinhood --interval 1h --limit 50
gmgn-cli failed (gmgn-cli market trenches): Command failed: gmgn-cli market trenches --chain robinhood --limit 50
gmgn-cli failed (gmgn-cli market hot-searches): Command failed: gmgn-cli market hot-searches --chain robinhood --limit 50
dexscreener fetch failed: fetch failed
gmgn-cli failed (gmgn-cli token info): Command failed: gmgn-cli token info --chain robinhood --address 0x54fdd076b94d85e3503dca9bccfbcc1248271e18
gmgn-cli failed (gmgn-cli market trending): Command failed: gmgn-cli market trending --chain robinhood --interval 1h --limit 50
gmgn-cli failed (gmgn-cli market trenches): Command failed: gmgn-cli market trenches --chain robinhood --limit 50
gmgn-cli failed (gmgn-cli token info): Command failed: gmgn-cli token info --chain robinhood --address 0xf173b6137f8cbf57d6f12b16994ff6f310e44d5d
gmgn-cli failed (gmgn-cli token info): Command failed: gmgn-cli token info --chain robinhood --address 0xed1a09dec281748b6149a88a8cdb02a54c761e18
gmgn-cli failed (gmgn-cli token info): Command failed: gmgn-cli token info --chain robinhood --address 0x1b022e1578dc10c7d5b14c01b8759608adac1e18
gmgn-cli failed (gmgn-cli token info): Command failed: gmgn-cli token info --chain robinhood --address 0xe1e5f00a9b0255ca4df85b3130ee0f77d15acc2d
dexscreener fetch failed: fetch failed
gmgn-cli failed (gmgn-cli token info): Command failed: gmgn-cli token info --chain robinhood --address 0xdf758ba7a44cfcbac284ca2ddf0809ea43e6df84
gmgn-cli failed (gmgn-cli market trending): Command failed: gmgn-cli market trending --chain robinhood --interval 1h --limit 50
gmgn-cli failed (gmgn-cli market trenches): Command failed: gmgn-cli market trenches --chain robinhood --limit 50
gmgn-cli failed (gmgn-cli market hot-searches): Command failed: gmgn-cli market hot-searches --chain robinhood --limit 50
dexscreener fetch failed: fetch failed
gmgn-cli failed (gmgn-cli token info): Command failed: gmgn-cli token info --chain robinhood --address 0xdf758ba7a44cfcbac284ca2ddf0809ea43e6df84
gmgn-cli failed (gmgn-cli token info): Command failed: gmgn-cli token info --chain robinhood --address 0x9425750cc05ff6aafd4d12f72b4f8bf0b9c04edc
gmgn-cli failed (gmgn-cli token info): Command failed: gmgn-cli token info --chain robinhood --address 0x152f368ad6965bf39fa594d6e6153ba486287777
gmgn-cli failed (gmgn-cli token info): Command failed: gmgn-cli token info --chain robinhood --address 0x550917a092f9eb4913359eaea54e18291ab8cb6f
gmgn-cli failed (gmgn-cli market trending): Command failed: gmgn-cli market trending --chain robinhood --interval 1h --limit 50
gmgn-cli failed (gmgn-cli market trenches): Command failed: gmgn-cli market trenches --chain robinhood --limit 50
dexscreener fetch failed: fetch failed
gmgn-cli failed (gmgn-cli token info): Command failed: gmgn-cli token info --chain robinhood --address 0x507b6f349a80114097a67b8b4677367acc15b220
dexscreener fetch failed: fetch failed
gmgn-cli failed (gmgn-cli token info): Command failed: gmgn-cli token info --chain robinhood --address 0xdf758ba7a44cfcbac284ca2ddf0809ea43e6df84
gmgn-cli failed (gmgn-cli token info): Command failed: gmgn-cli token info --chain robinhood --address 0x9425750cc05ff6aafd4d12f72b4f8bf0b9c04edc
gmgn-cli failed (gmgn-cli token info): Command failed: gmgn-cli token info --chain robinhood --address 0x152f368ad6965bf39fa594d6e6153ba486287777
gmgn-cli failed (gmgn-cli token info): Command failed: gmgn-cli token info --chain robinhood --address 0x550917a092f9eb4913359eaea54e18291ab8cb6f
gmgn-cli failed (gmgn-cli token info): Command failed: gmgn-cli token info --chain robinhood --address 0xab753048ab4616bd91519bea368377a4be5feba3
gmgn-cli failed (gmgn-cli market trending): Command failed: gmgn-cli market trending --chain robinhood --interval 1h --limit 50
gmgn-cli failed (gmgn-cli market trenches): Command failed: gmgn-cli market trenches --chain robinhood --limit 50
gmgn-cli failed (gmgn-cli market hot-searches): Command failed: gmgn-cli market hot-searches --chain robinhood --limit 50
dexscreener fetch failed: fetch failed
gmgn-cli failed (gmgn-cli token info): Command failed: gmgn-cli token info --chain robinhood --address 0x412d2a46902db7f5006363bc626fa5bdb60c1e18
gmgn-cli failed (gmgn-cli token info): Command failed: gmgn-cli token info --chain robinhood --address 0x5446f2d7c23b4e3228d7c117c240e67a5d0c9da3
gmgn-cli failed (gmgn-cli market trending): Command failed: gmgn-cli market trending --chain robinhood --interval 1h --limit 50
gmgn-cli failed (gmgn-cli market trenches): Command failed: gmgn-cli market trenches --chain robinhood --limit 50
gmgn-cli failed (gmgn-cli market hot-searches): Command failed: gmgn-cli market hot-searches --chain robinhood --limit 50
dexscreener fetch failed: fetch failed
gmgn-cli failed (gmgn-cli token info): Command failed: gmgn-cli token info --chain robinhood --address 0x412d2a46902db7f5006363bc626fa5bdb60c1e18
gmgn-cli failed (gmgn-cli token info): Command failed: gmgn-cli token info --chain robinhood --address 0x5446f2d7c23b4e3228d7c117c240e67a5d0c9da3
gmgn-cli failed (gmgn-cli token info): Command failed: gmgn-cli token info --chain robinhood --address 0x7fdcc669014afa2c33df27a96169f900b17f737d
gmgn-cli failed (gmgn-cli token info): Command failed: gmgn-cli token info --chain robinhood --address 0xc9c8f9394c263b44cb0301e6a4f07700d4638769
gmgn-cli failed (gmgn-cli token info): Command failed: gmgn-cli token info --chain robinhood --address 0xd1b197280992ea3b49a5f4b93a99588097152fa7
dexscreener fetch failed: fetch failed
gmgn-cli failed (gmgn-cli market trending): Command failed: gmgn-cli market trending --chain robinhood --interval 1h --limit 50
gmgn-cli failed (gmgn-cli market trenches): Command failed: gmgn-cli market trenches --chain robinhood --limit 50
gmgn-cli failed (gmgn-cli market hot-searches): Command failed: gmgn-cli market hot-searches --chain robinhood --limit 50
dexscreener fetch failed: fetch failed
gmgn-cli failed (gmgn-cli token info): Command failed: gmgn-cli token info --chain robinhood --address 0xb79dc2dc3e04c1288b7d78d7c939674ce405cb89
gmgn-cli failed (gmgn-cli token info): Command failed: gmgn-cli token info --chain robinhood --address 0xd4aae326ddd1a2537a92c00e6576e4605e5d1e18
gmgn-cli failed (gmgn-cli token info): Command failed: gmgn-cli token info --chain robinhood --address 0x07d415fbddaedb86411c3beff6787b0c9b69aa74
gmgn-cli failed (gmgn-cli token info): Command failed: gmgn-cli token info --chain robinhood --address 0x2b4768cdaa67faa106d5aa1947f2bf9cd3791942
dexscreener fetch failed: fetch failed
gmgn-cli failed (gmgn-cli token info): Command failed: gmgn-cli token info --chain robinhood --address 0xb79dc2dc3e04c1288b7d78d7c939674ce405cb89
gmgn-cli failed (gmgn-cli token info): Command failed: gmgn-cli token info --chain robinhood --address 0x07d415fbddaedb86411c3beff6787b0c9b69aa74
gmgn-cli failed (gmgn-cli token info): Command failed: gmgn-cli token info --chain robinhood --address 0x2b4768cdaa67faa106d5aa1947f2bf9cd3791942
dexscreener fetch failed: fetch failed
gmgn-cli failed (gmgn-cli token info): Command failed: gmgn-cli token info --chain robinhood --address 0x2b4768cdaa67faa106d5aa1947f2bf9cd3791942
gmgn-cli failed (gmgn-cli token info): Command failed: gmgn-cli token info --chain robinhood --address 0x0a2f0fd42126eb46c1366325c10fa3183e4eb6cf
gmgn-cli failed (gmgn-cli token info): Command failed: gmgn-cli token info --chain robinhood --address 0xb763edc02dd2f0696e43585254712c17dc1d1e18
dexscreener fetch failed: fetch failed
dexscreener fetch failed: fetch failed
dexscreener fetch failed: fetch failed
gmgn-cli failed (gmgn-cli market hot-searches): Command failed: gmgn-cli market hot-searches --chain robinhood --limit 50
dexscreener fetch failed: fetch failed
gmgn-cli failed (gmgn-cli token info): Command failed: gmgn-cli token info --chain robinhood --address 0xe8aab5d10a4ef817cdd473863106b90dd4ec159d
gmgn-cli failed (gmgn-cli market trending): Command failed: gmgn-cli market trending --chain robinhood --interval 1h --limit 50
gmgn-cli failed (gmgn-cli market trenches): Command failed: gmgn-cli market trenches --chain robinhood --limit 50
dexscreener fetch failed: fetch failed
dexscreener fetch failed: fetch failed
dexscreener fetch failed: fetch failed
dexscreener fetch failed: fetch failed
dexscreener fetch failed: fetch failed
dexscreener fetch failed: fetch failed
dexscreener fetch failed: fetch failed
dexscreener fetch failed: fetch failed
gmgn-cli failed (gmgn-cli market trending): Command failed: gmgn-cli market trending --chain robinhood --interval 1h --limit 50
gmgn-cli failed (gmgn-cli market trenches): Command failed: gmgn-cli market trenches --chain robinhood --limit 50
dexscreener fetch failed: fetch failed
dexscreener fetch failed: fetch failed
dexscreener fetch failed: fetch failed
dexscreener fetch failed: fetch failed
dexscreener fetch failed: fetch failed
dexscreener fetch failed: fetch failed
dexscreener fetch failed: fetch failed
dexscreener fetch failed: fetch failed
dexscreener fetch failed: fetch failed
dexscreener fetch failed: fetch failed
dexscreener fetch failed: fetch failed
gmgn-cli failed (gmgn-cli market hot-searches): Command failed: gmgn-cli market hot-searches --chain robinhood --limit 50
dexscreener fetch failed: fetch failed
gmgn-cli failed (gmgn-cli token info): Command failed: gmgn-cli token info --chain robinhood --address 0x98a57ccd116835b076077de83c595e483c7ddf32
gmgn-cli failed (gmgn-cli token info): Command failed: gmgn-cli token info --chain robinhood --address 0xc6d0f980ead116d5a54caf003ddfd5f6ecd82cb2
dexscreener fetch failed: fetch failed
dexscreener fetch failed: fetch failed
dexscreener fetch failed: fetch failed
dexscreener fetch failed: fetch failed
dexscreener fetch failed: fetch failed
dexscreener fetch failed: fetch failed
dexscreener fetch failed: fetch failed
dexscreener fetch failed: fetch failed
dexscreener fetch failed: fetch failed
dexscreener fetch failed: fetch failed
dexscreener fetch failed: fetch failed
dexscreener fetch failed: fetch failed
dexscreener fetch failed: fetch failed
dexscreener fetch failed: fetch failed
dexscreener fetch failed: fetch failed
dexscreener fetch failed: fetch failed
dexscreener fetch failed: fetch failed
gmgn-cli failed (gmgn-cli market trenches): Command failed: gmgn-cli market trenches --chain robinhood --limit 50
dexscreener fetch failed: fetch failed
gmgn-cli failed (gmgn-cli token info): Command failed: gmgn-cli token info --chain robinhood --address 0x171d4d944c75782b321c6aac1a838ed6e9225d55
gmgn-cli failed (gmgn-cli market trending): Command failed: gmgn-cli market trending --chain robinhood --interval 1h --limit 50
gmgn-cli failed (gmgn-cli market trenches): Command failed: gmgn-cli market trenches --chain robinhood --limit 50
gmgn-cli failed (gmgn-cli market hot-searches): Command failed: gmgn-cli market hot-searches --chain robinhood --limit 50
dexscreener fetch failed: fetch failed
gmgn-cli failed (gmgn-cli token info): Command failed: gmgn-cli token info --chain robinhood --address 0x171d4d944c75782b321c6aac1a838ed6e9225d55
gmgn-cli failed (gmgn-cli token info): Command failed: gmgn-cli token info --chain robinhood --address 0x6612b8c0b66e523a29e3d18ea379de892831bd4e
gmgn-cli failed (gmgn-cli token info): Command failed: gmgn-cli token info --chain robinhood --address 0xbfd049622cdf74688f3b49de498312976b690101
gmgn-cli failed (gmgn-cli token info): Command failed: gmgn-cli token info --chain robinhood --address 0x7b4f29842896c01b07986fc4ef208ba199450271
gmgn-cli failed (gmgn-cli token info): Command failed: gmgn-cli token info --chain robinhood --address 0x53297fe1bb4b31e7eb3c7cca97c376effe3da9e3
gmgn-cli failed (gmgn-cli market trending): Command failed: gmgn-cli market trending --chain robinhood --interval 1h --limit 50
gmgn-cli failed (gmgn-cli market trenches): Command failed: gmgn-cli market trenches --chain robinhood --limit 50
gmgn-cli failed (gmgn-cli market hot-searches): Command failed: gmgn-cli market hot-searches --chain robinhood --limit 50
dexscreener fetch failed: The operation was aborted due to timeout
gmgn-cli failed (gmgn-cli token info): Command failed: gmgn-cli token info --chain robinhood --address 0x171d4d944c75782b321c6aac1a838ed6e9225d55
gmgn-cli failed (gmgn-cli token info): Command failed: gmgn-cli token info --chain robinhood --address 0x7b4f29842896c01b07986fc4ef208ba199450271
gmgn-cli failed (gmgn-cli token info): Command failed: gmgn-cli token info --chain robinhood --address 0x53297fe1bb4b31e7eb3c7cca97c376effe3da9e3
gmgn-cli failed (gmgn-cli market trending): Command failed: gmgn-cli market trending --chain robinhood --interval 1h --limit 50
gmgn-cli failed (gmgn-cli market trenches): Command failed: gmgn-cli market trenches --chain robinhood --limit 50
gmgn-cli failed (gmgn-cli market hot-searches): Command failed: gmgn-cli market hot-searches --chain robinhood --limit 50
dexscreener fetch failed: fetch failed
gmgn-cli failed (gmgn-cli token info): Command failed: gmgn-cli token info --chain robinhood --address 0x7b4f29842896c01b07986fc4ef208ba199450271
gmgn-cli failed (gmgn-cli token info): Command failed: gmgn-cli token info --chain robinhood --address 0x53297fe1bb4b31e7eb3c7cca97c376effe3da9e3
gmgn-cli failed (gmgn-cli token info): Command failed: gmgn-cli token info --chain robinhood --address 0x9c291d99c45ecb06a7f2097722bc26bfedb91e18
gmgn-cli failed (gmgn-cli token info): Command failed: gmgn-cli token info --chain robinhood --address 0x33aa190de50a8b02e5bb80d1bfef39b2d0fc4152
gmgn-cli failed (gmgn-cli token info): Command failed: gmgn-cli token info --chain robinhood --address 0x4b42c58f6f92a838fe3e427bba781f1d9e247181
gmgn-cli failed (gmgn-cli market trenches): Command failed: gmgn-cli market trenches --chain robinhood --limit 50
gmgn-cli failed (gmgn-cli market hot-searches): Command failed: gmgn-cli market hot-searches --chain robinhood --limit 50
dexscreener fetch failed: fetch failed
gmgn-cli failed (gmgn-cli token info): Command failed: gmgn-cli token info --chain robinhood --address 0x9c291d99c45ecb06a7f2097722bc26bfedb91e18
gmgn-cli failed (gmgn-cli token info): Command failed: gmgn-cli token info --chain robinhood --address 0x33aa190de50a8b02e5bb80d1bfef39b2d0fc4152
gmgn-cli failed (gmgn-cli token info): Command failed: gmgn-cli token info --chain robinhood --address 0x4b42c58f6f92a838fe3e427bba781f1d9e247181
gmgn-cli failed (gmgn-cli token info): Command failed: gmgn-cli token info --chain robinhood --address 0x6394945589a003946d7effdc52caaa596bb4dd01
gmgn-cli failed (gmgn-cli token info): Command failed: gmgn-cli token info --chain robinhood --address 0xd3d17f4f41200f6114eacbdabaf7c5916bf46a3a
gmgn-cli failed (gmgn-cli market trending): Command failed: gmgn-cli market trending --chain robinhood --interval 1h --limit 50
gmgn-cli failed (gmgn-cli market trenches): Command failed: gmgn-cli market trenches --chain robinhood --limit 50
gmgn-cli failed (gmgn-cli market hot-searches): Command failed: gmgn-cli market hot-searches --chain robinhood --limit 50
dexscreener fetch failed: fetch failed
gmgn-cli failed (gmgn-cli token info): Command failed: gmgn-cli token info --chain robinhood --address 0x9c291d99c45ecb06a7f2097722bc26bfedb91e18
gmgn-cli failed (gmgn-cli token info): Command failed: gmgn-cli token info --chain robinhood --address 0x33aa190de50a8b02e5bb80d1bfef39b2d0fc4152
gmgn-cli failed (gmgn-cli token info): Command failed: gmgn-cli token info --chain robinhood --address 0x4b42c58f6f92a838fe3e427bba781f1d9e247181
gmgn-cli failed (gmgn-cli token info): Command failed: gmgn-cli token info --chain robinhood --address 0x6394945589a003946d7effdc52caaa596bb4dd01
gmgn-cli failed (gmgn-cli token info): Command failed: gmgn-cli token info --chain robinhood --address 0xd3d17f4f41200f6114eacbdabaf7c5916bf46a3a
gmgn-cli failed (gmgn-cli market trending): Command failed: gmgn-cli market trending --chain robinhood --interval 1h --limit 50
gmgn-cli failed (gmgn-cli market trenches): Command failed: gmgn-cli market trenches --chain robinhood --limit 50
gmgn-cli failed (gmgn-cli market hot-searches): Command failed: gmgn-cli market hot-searches --chain robinhood --limit 50
dexscreener fetch failed: The operation was aborted due to timeout
gmgn-cli failed (gmgn-cli token info): Command failed: gmgn-cli token info --chain robinhood --address 0x6394945589a003946d7effdc52caaa596bb4dd01
gmgn-cli failed (gmgn-cli token info): Command failed: gmgn-cli token info --chain robinhood --address 0xd3d17f4f41200f6114eacbdabaf7c5916bf46a3a
gmgn-cli failed (gmgn-cli token info): Command failed: gmgn-cli token info --chain robinhood --address 0x01522aeab3b48b5bdff490ea2cc6daf946dd8032
gmgn-cli failed (gmgn-cli token info): Command failed: gmgn-cli token info --chain robinhood --address 0xe3f1cc52a3ede126b997b5a1444051e6870ca3a0
dexscreener fetch failed: fetch failed
dexscreener fetch failed: fetch failed
gmgn-cli failed (gmgn-cli token info): Command failed: gmgn-cli token info --chain robinhood --address 0x01522aeab3b48b5bdff490ea2cc6daf946dd8032
gmgn-cli failed (gmgn-cli token info): Command failed: gmgn-cli token info --chain robinhood --address 0xe3f1cc52a3ede126b997b5a1444051e6870ca3a0
gmgn-cli failed (gmgn-cli token info): Command failed: gmgn-cli token info --chain robinhood --address 0xb36a5f2a504d717bdf2238881a76b5f91b8d3e64
gmgn-cli failed (gmgn-cli market trenches): Command failed: gmgn-cli market trenches --chain robinhood --limit 50
gmgn-cli failed (gmgn-cli market hot-searches): Command failed: gmgn-cli market hot-searches --chain robinhood --limit 50
dexscreener fetch failed: fetch failed
gmgn-cli failed (gmgn-cli token info): Command failed: gmgn-cli token info --chain robinhood --address 0x01522aeab3b48b5bdff490ea2cc6daf946dd8032
gmgn-cli failed (gmgn-cli token info): Command failed: gmgn-cli token info --chain robinhood --address 0xe3f1cc52a3ede126b997b5a1444051e6870ca3a0
gmgn-cli failed (gmgn-cli token info): Command failed: gmgn-cli token info --chain robinhood --address 0xb36a5f2a504d717bdf2238881a76b5f91b8d3e64
gmgn-cli failed (gmgn-cli token info): Command failed: gmgn-cli token info --chain robinhood --address 0x0e6f5ca9a63cf7fc6f21ed0c1e46c0a082ea1110
gmgn-cli failed (gmgn-cli token info): Command failed: gmgn-cli token info --chain robinhood --address 0xe292ec8d623eba36e4a2738dc543bc1387022457
gmgn-cli failed (gmgn-cli market trending): Command failed: gmgn-cli market trending --chain robinhood --interval 1h --limit 50
gmgn-cli failed (gmgn-cli market trenches): Command failed: gmgn-cli market trenches --chain robinhood --limit 50
gmgn-cli failed (gmgn-cli market hot-searches): Command failed: gmgn-cli market hot-searches --chain robinhood --limit 50
dexscreener fetch failed: fetch failed
gmgn-cli failed (gmgn-cli token info): Command failed: gmgn-cli token info --chain robinhood --address 0xb36a5f2a504d717bdf2238881a76b5f91b8d3e64
gmgn-cli failed (gmgn-cli token info): Command failed: gmgn-cli token info --chain robinhood --address 0x0e6f5ca9a63cf7fc6f21ed0c1e46c0a082ea1110
gmgn-cli failed (gmgn-cli token info): Command failed: gmgn-cli token info --chain robinhood --address 0xe292ec8d623eba36e4a2738dc543bc1387022457
gmgn-cli failed (gmgn-cli token info): Command failed: gmgn-cli token info --chain robinhood --address 0x1209ec401498a1b781412576c978eee0daa0bb6e
gmgn-cli failed (gmgn-cli token info): Command failed: gmgn-cli token info --chain robinhood --address 0xb72fefd94b0b20102af7bfb319bbf517a5b81e18
gmgn-cli failed (gmgn-cli market trending): Command failed: gmgn-cli market trending --chain robinhood --interval 1h --limit 50
gmgn-cli failed (gmgn-cli market trenches): Command failed: gmgn-cli market trenches --chain robinhood --limit 50
gmgn-cli failed (gmgn-cli market hot-searches): Command failed: gmgn-cli market hot-searches --chain robinhood --limit 50
dexscreener fetch failed: fetch failed
gmgn-cli failed (gmgn-cli token info): Command failed: gmgn-cli token info --chain robinhood --address 0x0e6f5ca9a63cf7fc6f21ed0c1e46c0a082ea1110
gmgn-cli failed (gmgn-cli token info): Command failed: gmgn-cli token info --chain robinhood --address 0xe292ec8d623eba36e4a2738dc543bc1387022457
gmgn-cli failed (gmgn-cli token info): Command failed: gmgn-cli token info --chain robinhood --address 0x1209ec401498a1b781412576c978eee0daa0bb6e
gmgn-cli failed (gmgn-cli token info): Command failed: gmgn-cli token info --chain robinhood --address 0xb72fefd94b0b20102af7bfb319bbf517a5b81e18
gmgn-cli failed (gmgn-cli market trending): Command failed: gmgn-cli market trending --chain robinhood --interval 1h --limit 50
gmgn-cli failed (gmgn-cli market trenches): Command failed: gmgn-cli market trenches --chain robinhood --limit 50
gmgn-cli failed (gmgn-cli market hot-searches): Command failed: gmgn-cli market hot-searches --chain robinhood --limit 50
dexscreener fetch failed: fetch failed
gmgn-cli failed (gmgn-cli token info): Command failed: gmgn-cli token info --chain robinhood --address 0x1209ec401498a1b781412576c978eee0daa0bb6e
gmgn-cli failed (gmgn-cli token info): Command failed: gmgn-cli token info --chain robinhood --address 0xb72fefd94b0b20102af7bfb319bbf517a5b81e18
gmgn-cli failed (gmgn-cli token info): Command failed: gmgn-cli token info --chain robinhood --address 0xc1a0d9cc4508464e2504b0349a36ba4be2d669a6
gmgn-cli failed (gmgn-cli market trending): Command failed: gmgn-cli market trending --chain robinhood --interval 1h --limit 50
dexscreener fetch failed: fetch failed
gmgn-cli failed (gmgn-cli token info): Command failed: gmgn-cli token info --chain robinhood --address 0x574778d38e761728e6e599b5dac8f3c0d60497dd
gmgn-cli failed (gmgn-cli token info): Command failed: gmgn-cli token info --chain robinhood --address 0xebb79a047e58aab64140fb2d7453d89226c67777
gmgn-cli failed (gmgn-cli token info): Command failed: gmgn-cli token info --chain robinhood --address 0x68f6554d385b78076c4b030b4b93fc1d758a7777
gmgn-cli failed (gmgn-cli token info): Command failed: gmgn-cli token info --chain robinhood --address 0xfa745366dd754e14852400d70b125fae7f627777
gmgn-cli failed (gmgn-cli token info): Command failed: gmgn-cli token info --chain robinhood --address 0x5d658bcfb91bf63e197a5b0b692689dae93c7777
gmgn-cli failed (gmgn-cli market trending): Command failed: gmgn-cli market trending --chain robinhood --interval 1h --limit 50
gmgn-cli failed (gmgn-cli market hot-searches): Command failed: gmgn-cli market hot-searches --chain robinhood --limit 50
dexscreener fetch failed: fetch failed
gmgn-cli failed (gmgn-cli token info): Command failed: gmgn-cli token info --chain robinhood --address 0x574778d38e761728e6e599b5dac8f3c0d60497dd
gmgn-cli failed (gmgn-cli token info): Command failed: gmgn-cli token info --chain robinhood --address 0xebb79a047e58aab64140fb2d7453d89226c67777
gmgn-cli failed (gmgn-cli token info): Command failed: gmgn-cli token info --chain robinhood --address 0x5d658bcfb91bf63e197a5b0b692689dae93c7777
gmgn-cli failed (gmgn-cli market trending): Command failed: gmgn-cli market trending --chain robinhood --interval 1h --limit 50
gmgn-cli failed (gmgn-cli market trenches): Command failed: gmgn-cli market trenches --chain robinhood --limit 50
gmgn-cli failed (gmgn-cli market hot-searches): Command failed: gmgn-cli market hot-searches --chain robinhood --limit 50
dexscreener fetch failed: fetch failed
gmgn-cli failed (gmgn-cli token info): Command failed: gmgn-cli token info --chain robinhood --address 0x574778d38e761728e6e599b5dac8f3c0d60497dd
gmgn-cli failed (gmgn-cli token info): Command failed: gmgn-cli token info --chain robinhood --address 0x86d6fe61f3def90f9691f487eae4f2310eb8cccc
gmgn-cli failed (gmgn-cli market trending): Command failed: gmgn-cli market trending --chain robinhood --interval 1h --limit 50
gmgn-cli failed (gmgn-cli market trenches): Command failed: gmgn-cli market trenches --chain robinhood --limit 50
gmgn-cli failed (gmgn-cli market hot-searches): Command failed: gmgn-cli market hot-searches --chain robinhood --limit 50
dexscreener fetch failed: fetch failed
gmgn-cli failed (gmgn-cli token info): Command failed: gmgn-cli token info --chain robinhood --address 0x86d6fe61f3def90f9691f487eae4f2310eb8cccc
gmgn-cli failed (gmgn-cli token info): Command failed: gmgn-cli token info --chain robinhood --address 0xf40d7b32134f88f75f0de7bbc50b89bc822b28ae
gmgn-cli failed (gmgn-cli token info): Command failed: gmgn-cli token info --chain robinhood --address 0x1d9829806a2cd93f124c80542be0f7fc22c8bd77
gmgn-cli failed (gmgn-cli token info): Command failed: gmgn-cli token info --chain robinhood --address 0x7b7b9e2e24530b9fbebe152ccbf674325bf10baf
gmgn-cli failed (gmgn-cli token info): Command failed: gmgn-cli token info --chain robinhood --address 0x4f781f982858370c85356e87becb82457d877777
gmgn-cli failed (gmgn-cli market trending): Command failed: gmgn-cli market trending --chain robinhood --interval 1h --limit 50
gmgn-cli failed (gmgn-cli market trenches): Command failed: gmgn-cli market trenches --chain robinhood --limit 50
gmgn-cli failed (gmgn-cli market hot-searches): Command failed: gmgn-cli market hot-searches --chain robinhood --limit 50
dexscreener fetch failed: fetch failed
gmgn-cli failed (gmgn-cli token info): Command failed: gmgn-cli token info --chain robinhood --address 0x86d6fe61f3def90f9691f487eae4f2310eb8cccc
gmgn-cli failed (gmgn-cli token info): Command failed: gmgn-cli token info --chain robinhood --address 0xf40d7b32134f88f75f0de7bbc50b89bc822b28ae
gmgn-cli failed (gmgn-cli market trending): Command failed: gmgn-cli market trending --chain robinhood --interval 1h --limit 50
gmgn-cli failed (gmgn-cli market trenches): Command failed: gmgn-cli market trenches --chain robinhood --limit 50
gmgn-cli failed (gmgn-cli market hot-searches): Command failed: gmgn-cli market hot-searches --chain robinhood --limit 50
dexscreener fetch failed: fetch failed
gmgn-cli failed (gmgn-cli token info): Command failed: gmgn-cli token info --chain robinhood --address 0xf40d7b32134f88f75f0de7bbc50b89bc822b28ae
gmgn-cli failed (gmgn-cli token info): Command failed: gmgn-cli token info --chain robinhood --address 0xed5ad08657e37034e8e7984a935cec783ac3b53e
gmgn-cli failed (gmgn-cli token info): Command failed: gmgn-cli token info --chain robinhood --address 0x870ad0dde6f160bc53be1ff082dff2f2a388b0b5
gmgn-cli failed (gmgn-cli token info): Command failed: gmgn-cli token info --chain robinhood --address 0xbad75e5d3c7a0bf7523f2c63a4b402efe77764e6
gmgn-cli failed (gmgn-cli market trending): Command failed: gmgn-cli market trending --chain robinhood --interval 1h --limit 50
gmgn-cli failed (gmgn-cli market trenches): Command failed: gmgn-cli market trenches --chain robinhood --limit 50
gmgn-cli failed (gmgn-cli market hot-searches): Command failed: gmgn-cli market hot-searches --chain robinhood --limit 50
dexscreener fetch failed: fetch failed
dexscreener fetch failed: The operation was aborted due to timeout
dexscreener fetch failed: fetch failed
gmgn-cli failed (gmgn-cli market trending): Command failed: gmgn-cli market trending --chain robinhood --interval 1h --limit 50
gmgn-cli failed (gmgn-cli market trenches): Command failed: gmgn-cli market trenches --chain robinhood --limit 50
dexscreener fetch failed: The operation was aborted due to timeout
gmgn-cli failed (gmgn-cli market trending): Command failed: gmgn-cli market trending --chain robinhood --interval 1h --limit 50
dexscreener fetch failed: fetch failed
gmgn-cli failed (gmgn-cli token info): Command failed: gmgn-cli token info --chain robinhood --address 0xbe1d0940b6d092887db085379ea7c679687c7777
gmgn-cli failed (gmgn-cli token info): Command failed: gmgn-cli token info --chain robinhood --address 0x874689f5220954eca1cdb3082b8f3568d22ff063
dexscreener fetch failed: fetch failed
gmgn-cli failed (gmgn-cli token info): Command failed: gmgn-cli token info --chain robinhood --address 0x874689f5220954eca1cdb3082b8f3568d22ff063
gmgn-cli failed (gmgn-cli token info): Command failed: gmgn-cli token info --chain robinhood --address 0x8fe9cf31dda8883b224bf14fea53d17f3e099ed6
gmgn-cli failed (gmgn-cli token info): Command failed: gmgn-cli token info --chain robinhood --address 0x36752fab73d7963d6132e7d593704cca0c471e18
dexscreener fetch failed: fetch failed
dexscreener fetch failed: fetch failed
dexscreener fetch failed: fetch failed
dexscreener fetch failed: fetch failed
dexscreener fetch failed: fetch failed
dexscreener fetch failed: fetch failed
gmgn-cli failed (gmgn-cli market trending): Command failed: gmgn-cli market trending --chain robinhood --interval 1h --limit 50
dexscreener fetch failed: The operation was aborted due to timeout
gmgn-cli failed (gmgn-cli market hot-searches): Command failed: gmgn-cli market hot-searches --chain robinhood --limit 50
dexscreener fetch failed: fetch failed
dexscreener fetch failed: fetch failed
gmgn-cli failed (gmgn-cli token info): Command failed: gmgn-cli token info --chain robinhood --address 0x657d61eb6952be67750c87f88298ff47ece51e18
gmgn-cli failed (gmgn-cli token info): Command failed: gmgn-cli token info --chain robinhood --address 0xe978626c9f5c5f4f4da9b725238d4fd4a5b21e18
dexscreener fetch failed: fetch failed
gmgn-cli failed (gmgn-cli market trenches): Command failed: gmgn-cli market trenches --chain robinhood --limit 50
dexscreener fetch failed: fetch failed
gmgn-cli failed (gmgn-cli token info): Command failed: gmgn-cli token info --chain robinhood --address 0x9a49de2430e28a96d18ee8c1f94a3c0852d228eb
gmgn-cli failed (gmgn-cli market trenches): Command failed: gmgn-cli market trenches --chain robinhood --limit 50
dexscreener fetch failed: fetch failed
gmgn-cli failed (gmgn-cli token info): Command failed: gmgn-cli token info --chain robinhood --address 0x4cc6e5e87da3eb2ae79f540db3c9e4955d7a1e18
gmgn-cli failed (gmgn-cli market trenches): Command failed: gmgn-cli market trenches --chain robinhood --limit 50
gmgn-cli failed (gmgn-cli market hot-searches): Command failed: gmgn-cli market hot-searches --chain robinhood --limit 50
dexscreener fetch failed: fetch failed
gmgn-cli failed (gmgn-cli token info): Command failed: gmgn-cli token info --chain robinhood --address 0x4cc6e5e87da3eb2ae79f540db3c9e4955d7a1e18
gmgn-cli failed (gmgn-cli market trending): Command failed: gmgn-cli market trending --chain robinhood --interval 1h --limit 50
gmgn-cli failed (gmgn-cli market trenches): Command failed: gmgn-cli market trenches --chain robinhood --limit 50
gmgn-cli failed (gmgn-cli market hot-searches): Command failed: gmgn-cli market hot-searches --chain robinhood --limit 50
dexscreener fetch failed: fetch failed
gmgn-cli failed (gmgn-cli token info): Command failed: gmgn-cli token info --chain robinhood --address 0x4cc6e5e87da3eb2ae79f540db3c9e4955d7a1e18
gmgn-cli failed (gmgn-cli token info): Command failed: gmgn-cli token info --chain robinhood --address 0xbdc468d35edc4643297ea0a35d518c2ee867334c
gmgn-cli failed (gmgn-cli token info): Command failed: gmgn-cli token info --chain robinhood --address 0x29a982893d1944b297deaec53958adb89a7c7a80
gmgn-cli failed (gmgn-cli token info): Command failed: gmgn-cli token info --chain robinhood --address 0x36cc6fd13512c7ff59722d06049505d428ad4172
gmgn-cli failed (gmgn-cli token info): Command failed: gmgn-cli token info --chain robinhood --address 0x8f4e182289cf4ffba222c98b19aa8793c41cc93b
gmgn-cli failed (gmgn-cli market trending): Command failed: gmgn-cli market trending --chain robinhood --interval 1h --limit 50
gmgn-cli failed (gmgn-cli market trenches): Command failed: gmgn-cli market trenches --chain robinhood --limit 50
gmgn-cli failed (gmgn-cli market hot-searches): Command failed: gmgn-cli market hot-searches --chain robinhood --limit 50
dexscreener fetch failed: fetch failed
gmgn-cli failed (gmgn-cli token info): Command failed: gmgn-cli token info --chain robinhood --address 0x36cc6fd13512c7ff59722d06049505d428ad4172
dexscreener fetch failed: fetch failed
gmgn-cli failed (gmgn-cli market trenches): Command failed: gmgn-cli market trenches --chain robinhood --limit 50
dexscreener fetch failed: fetch failed
gmgn-cli failed (gmgn-cli token info): Command failed: gmgn-cli token info --chain robinhood --address 0x130c7f0c8e1cb727430d66ee650e4fcf650aa1ac
dexscreener fetch failed: fetch failed
gmgn-cli failed (gmgn-cli token info): Command failed: gmgn-cli token info --chain robinhood --address 0xf597bf15546102dd45a2f32e26cad323f7134d4a
gmgn-cli failed (gmgn-cli market trending): Command failed: gmgn-cli market trending --chain robinhood --interval 1h --limit 50
dexscreener fetch failed: fetch failed
gmgn-cli failed (gmgn-cli token info): Command failed: gmgn-cli token info --chain robinhood --address 0x093f367fc2f3e34ed35deac05fd9dd8307a41e18
gmgn-cli failed (gmgn-cli market trenches): Command failed: gmgn-cli market trenches --chain robinhood --limit 50
dexscreener fetch failed: fetch failed
gmgn-cli failed (gmgn-cli token info): Command failed: gmgn-cli token info --chain robinhood --address 0x093f367fc2f3e34ed35deac05fd9dd8307a41e18
gmgn-cli failed (gmgn-cli token info): Command failed: gmgn-cli token info --chain robinhood --address 0x5a66aa0a5feece4a31b33b270c3e09ca5cc3c886
gmgn-cli failed (gmgn-cli token info): Command failed: gmgn-cli token info --chain robinhood --address 0x36ad0f003f2bc676b2cd9aba242a0b4320995ba3
gmgn-cli failed (gmgn-cli market trenches): Command failed: gmgn-cli market trenches --chain robinhood --limit 50
gmgn-cli failed (gmgn-cli market hot-searches): Command failed: gmgn-cli market hot-searches --chain robinhood --limit 50
dexscreener fetch failed: fetch failed
gmgn-cli failed (gmgn-cli token info): Command failed: gmgn-cli token info --chain robinhood --address 0x093f367fc2f3e34ed35deac05fd9dd8307a41e18
gmgn-cli failed (gmgn-cli token info): Command failed: gmgn-cli token info --chain robinhood --address 0x5a66aa0a5feece4a31b33b270c3e09ca5cc3c886
dexscreener fetch failed: fetch failed
dexscreener fetch failed: fetch failed
dexscreener fetch failed: fetch failed
dexscreener fetch failed: fetch failed
dexscreener fetch failed: fetch failed
dexscreener fetch failed: fetch failed
gmgn-cli failed (gmgn-cli token info): Command failed: gmgn-cli token info --chain robinhood --address 0x51342f6e8a1ba7cb6f644859450d861b27684bb5
dexscreener fetch failed: fetch failed
dexscreener fetch failed: fetch failed
dexscreener fetch failed: fetch failed
dexscreener fetch failed: fetch failed
dexscreener fetch failed: fetch failed
dexscreener fetch failed: fetch failed
dexscreener fetch failed: fetch failed
gmgn-cli failed (gmgn-cli market hot-searches): Command failed: gmgn-cli market hot-searches --chain robinhood --limit 50
dexscreener fetch failed: fetch failed
gmgn-cli failed (gmgn-cli token info): Command failed: gmgn-cli token info --chain robinhood --address 0x3c31d6a3fa1c578f9a7e6f2ef45c10f7255ed3fb
gmgn-cli failed (gmgn-cli token info): Command failed: gmgn-cli token info --chain robinhood --address 0x36b44a8034fe0eeddb8819da82128bd6959161a6
gmgn-cli failed (gmgn-cli token info): Command failed: gmgn-cli token info --chain robinhood --address 0x57c8584d62df4718a7da1e44d4ee00e9f2bf5148
gmgn-cli failed (gmgn-cli token info): Command failed: gmgn-cli token info --chain robinhood --address 0x7b309ee8989059faf0b6654f43299c4d2624fea2
gmgn-cli failed (gmgn-cli token info): Command failed: gmgn-cli token info --chain robinhood --address 0x17ade6706399d8a533f6199e3cfdbd33331011eb
gmgn-cli failed (gmgn-cli market trending): Command failed: gmgn-cli market trending --chain robinhood --interval 1h --limit 50
gmgn-cli failed (gmgn-cli market trenches): Command failed: gmgn-cli market trenches --chain robinhood --limit 50
gmgn-cli failed (gmgn-cli market hot-searches): Command failed: gmgn-cli market hot-searches --chain robinhood --limit 50
dexscreener fetch failed: fetch failed
gmgn-cli failed (gmgn-cli token info): Command failed: gmgn-cli token info --chain robinhood --address 0x3c31d6a3fa1c578f9a7e6f2ef45c10f7255ed3fb
gmgn-cli failed (gmgn-cli token info): Command failed: gmgn-cli token info --chain robinhood --address 0x36b44a8034fe0eeddb8819da82128bd6959161a6
gmgn-cli failed (gmgn-cli token info): Command failed: gmgn-cli token info --chain robinhood --address 0x57c8584d62df4718a7da1e44d4ee00e9f2bf5148
gmgn-cli failed (gmgn-cli token info): Command failed: gmgn-cli token info --chain robinhood --address 0x7b309ee8989059faf0b6654f43299c4d2624fea2
gmgn-cli failed (gmgn-cli token info): Command failed: gmgn-cli token info --chain robinhood --address 0x17ade6706399d8a533f6199e3cfdbd33331011eb
gmgn-cli failed (gmgn-cli market trending): Command failed: gmgn-cli market trending --chain robinhood --interval 1h --limit 50
gmgn-cli failed (gmgn-cli market trenches): Command failed: gmgn-cli market trenches --chain robinhood --limit 50
gmgn-cli failed (gmgn-cli market hot-searches): Command failed: gmgn-cli market hot-searches --chain robinhood --limit 50
dexscreener fetch failed: fetch failed
gmgn-cli failed (gmgn-cli token info): Command failed: gmgn-cli token info --chain robinhood --address 0x3c31d6a3fa1c578f9a7e6f2ef45c10f7255ed3fb
gmgn-cli failed (gmgn-cli token info): Command failed: gmgn-cli token info --chain robinhood --address 0x36b44a8034fe0eeddb8819da82128bd6959161a6
gmgn-cli failed (gmgn-cli token info): Command failed: gmgn-cli token info --chain robinhood --address 0x57c8584d62df4718a7da1e44d4ee00e9f2bf5148
gmgn-cli failed (gmgn-cli token info): Command failed: gmgn-cli token info --chain robinhood --address 0x7b309ee8989059faf0b6654f43299c4d2624fea2
gmgn-cli failed (gmgn-cli token info): Command failed: gmgn-cli token info --chain robinhood --address 0x17ade6706399d8a533f6199e3cfdbd33331011eb
gmgn-cli failed (gmgn-cli market trending): Command failed: gmgn-cli market trending --chain robinhood --interval 1h --limit 50
gmgn-cli failed (gmgn-cli market trenches): Command failed: gmgn-cli market trenches --chain robinhood --limit 50
gmgn-cli failed (gmgn-cli market hot-searches): Command failed: gmgn-cli market hot-searches --chain robinhood --limit 50
dexscreener fetch failed: fetch failed
gmgn-cli failed (gmgn-cli token info): Command failed: gmgn-cli token info --chain robinhood --address 0x3b7ccee17a6912f6a581af9e69d3f45e819e65d7
gmgn-cli failed (gmgn-cli token info): Command failed: gmgn-cli token info --chain robinhood --address 0x39356e6fd9c63a2f2ec3e2428aeedaf7c0adc411
gmgn-cli failed (gmgn-cli token info): Command failed: gmgn-cli token info --chain robinhood --address 0x55a4cac559f70bff28ca0ce1f18349086a3bf46c
gmgn-cli failed (gmgn-cli token info): Command failed: gmgn-cli token info --chain robinhood --address 0x1b4f9fec5ace4990b64a69257e24ae33d6ccbec3
gmgn-cli failed (gmgn-cli market trenches): Command failed: gmgn-cli market trenches --chain robinhood --limit 50
dexscreener fetch failed: fetch failed
gmgn-cli failed (gmgn-cli token info): Command failed: gmgn-cli token info --chain robinhood --address 0x3b7ccee17a6912f6a581af9e69d3f45e819e65d7
gmgn-cli failed (gmgn-cli token info): Command failed: gmgn-cli token info --chain robinhood --address 0x39356e6fd9c63a2f2ec3e2428aeedaf7c0adc411
gmgn-cli failed (gmgn-cli token info): Command failed: gmgn-cli token info --chain robinhood --address 0x55a4cac559f70bff28ca0ce1f18349086a3bf46c
dexscreener fetch failed: fetch failed
dexscreener fetch failed: fetch failed
dexscreener fetch failed: fetch failed
dexscreener fetch failed: fetch failed
dexscreener fetch failed: fetch failed
dexscreener fetch failed: fetch failed
dexscreener fetch failed: fetch failed
dexscreener fetch failed: fetch failed
dexscreener fetch failed: fetch failed
dexscreener fetch failed: fetch failed
dexscreener fetch failed: fetch failed
dexscreener fetch failed: fetch failed
